
> frontend@0.0.0 build
> tsc -b && vite build

src/components/AuditLogViewer.tsx(121,118): error TS18048: 'log.oldValues' is possibly 'undefined'.
src/components/AuditLogViewer.tsx(123,102): error TS18048: 'log.newValues' is possibly 'undefined'.
src/components/BulkImport.tsx(32,32): error TS2345: Argument of type 'Record<string, unknown>[]' is not assignable to parameter of type 'SetStateAction<ImportRow[]>'.
  Type 'Record<string, unknown>[]' is not assignable to type 'ImportRow[]'.
    Type 'Record<string, unknown>' is missing the following properties from type 'ImportRow': rowNumber, firstName, lastName, email, and 4 more.
src/components/BulkImport.tsx(54,52): error TS2345: Argument of type 'ImportRow[]' is not assignable to parameter of type 'Record<string, unknown>[]'.
  Type 'ImportRow' is not assignable to type 'Record<string, unknown>'.
    Index signature for type 'string' is missing in type 'ImportRow'.
